ServiceControl Health: Audit Message Ingestion Process
ServiceControl.Audit Health: Audit Message Ingestion
ServiceControl.Audit Health: Audit Database Index Lag
Storage space: ServiceControl.Audit database