{
  "Description": "testDescription",
  "KnownEndpointsUrl": "/endpoints/known",
  "EndpointsMessageSearchUrl": "http://localhost/endpoints/{name}/messages/search/{keyword}/{?page,per_page,direction,sort}",
  "EndpointsMessagesUrl": "http://localhost/endpoints/{name}/messages/{?page,per_page,direction,sort}",
  "Configuration": "http://localhost/configuration",
  "MessageSearchUrl": "http://localhost/messages/search/{keyword}/{?page,per_page,direction,sort}",
  "Name": "testName"
}