ServiceControl.Audit.Monitoring.KnownEndpoint, ServiceControl.Audit, Version=4.0.0.0, Culture=neutral, PublicKeyToken=null
ServiceControl.Audit.Auditing.ProcessedMessage, ServiceControl.Audit, Version=4.0.0.0, Culture=neutral, PublicKeyToken=null
ServiceControl.Audit.Auditing.FailedAuditImport, ServiceControl.Audit, Version=4.0.0.0, Culture=neutral, PublicKeyToken=null
ServiceControl.Audit.Auditing.MessagesView.MessagesViewIndex+SortAndFilterOptions, ServiceControl.Audit, Version=4.0.0.0, Culture=neutral, PublicKeyToken=null