{
  "Heartbeats": {
    "HeartbeatsQueue": "queue-prefix-Particular-ServiceControl",
    "Frequency": "00:00:10",
    "TimeToLive": "00:00:40"
  },
  "CustomChecks": {
    "CustomChecksQueue": "queue-prefix-Particular-ServiceControl"
  },
  "ErrorQueue": "error",
  "SagaAudit": {
    "SagaAuditQueue": "audit"
  },
  "AuditQueue": "audit"
}