{
  "settings": {
    "Heartbeats": {
      "HeartbeatsQueue": "Particular.ServiceControl",
      "Frequency": "00:00:10",
      "TimeToLive": "00:00:40"
    },
    "MessageAudit": {
      "AuditQueue": "audit"
    },
    "CustomChecks": {
      "CustomChecksQueue": "Particular.ServiceControl"
    },
    "ErrorQueue": "error",
    "SagaAudit": {
      "SagaAuditQueue": "audit"
    }
  },
  "errors": []
}