{
  "Heartbeats": {
    "HeartbeatsQueue": "Particular.ServiceControl@[dbo]@[ServiceControl]",
    "Frequency": "00:00:10",
    "TimeToLive": "00:00:40"
  },
  "CustomChecks": {
    "CustomChecksQueue": "Particular.ServiceControl@[dbo]@[ServiceControl]"
  },
  "ErrorQueue": "error",
  "SagaAudit": {
    "SagaAuditQueue": "audit"
  },
  "AuditQueue": "audit"
}