{
  "audit_queue": "audit",
  "heartbeats": {
    "heartbeats_queue": "Particular.ServiceControl@MACHINE_NAME",
    "frequency": "00:00:10",
    "time_to_live": "00:00:40"
  },
  "custom_checks": {
    "custom_checks_queue": "Particular.ServiceControl@MACHINE_NAME"
  },
  "error_queue": "error",
  "saga_audit": {
    "saga_audit_queue": "audit"
  }
}