ServiceControl Health: Audit Message Ingestion
ServiceControl Health: Error Message Ingestion
ServiceControl Health: Error Message Ingestion Process
ServiceControl Health: ServiceControl database
ServiceControl Health: ServiceControl Primary Instance
ServiceControl Health: ServiceControl Remotes